<?xml version="1.0"?><office:document-content xmlns:office="urn:oasis:names:tc:opendocument:xmlns:office:1.0" xmlns:style="urn:oasis:names:tc:opendocument:xmlns:style:1.0" xmlns:text="urn:oasis:names:tc:opendocument:xmlns:text:1.0" xmlns:table="urn:oasis:names:tc:opendocument:xmlns:table:1.0" xmlns:draw="urn:oasis:names:tc:opendocument:xmlns:drawing:1.0" xmlns:fo="urn:oasis:names:tc:opendocument:xmlns:xsl-fo-compatible:1.0" xmlns:xlink="http://www.w3.org/1999/xlink" xmlns:dc="http://purl.org/dc/elements/1.1/" xmlns:meta="urn:oasis:names:tc:opendocument:xmlns:meta:1.0" xmlns:number="urn:oasis:names:tc:opendocument:xmlns:datastyle:1.0" xmlns:svg="urn:oasis:names:tc:opendocument:xmlns:svg-compatible:1.0" xmlns:chart="urn:oasis:names:tc:opendocument:xmlns:chart:1.0" xmlns:dr3d="urn:oasis:names:tc:opendocument:xmlns:dr3d:1.0" xmlns:math="http://www.w3.org/1998/Math/MathML" xmlns:form="urn:oasis:names:tc:opendocument:xmlns:form:1.0" xmlns:script="urn:oasis:names:tc:opendocument:xmlns:script:1.0" xmlns:ooo="http://openoffice.org/2004/office" xmlns:ooow="http://openoffice.org/2004/writer" xmlns:oooc="http://openoffice.org/2004/calc" xmlns:dom="http://www.w3.org/2001/xml-events" xmlns:xforms="http://www.w3.org/2002/xforms" xmlns:xsd="http://www.w3.org/2001/XMLSchema" xmlns:xsi="http://www.w3.org/2001/XMLSchema-instance" xmlns:rpt="http://openoffice.org/2005/report" xmlns:of="urn:oasis:names:tc:opendocument:xmlns:of:1.2" xmlns:xhtml="http://www.w3.org/1999/xhtml" xmlns:grddl="http://www.w3.org/2003/g/data-view#" xmlns:field="urn:openoffice:names:experimental:ooo-ms-interop:xmlns:field:1.0" xmlns:formx="urn:openoffice:names:experimental:ooxml-odf-interop:xmlns:form:1.0" grddl:transformation="http://docs.oasis-open.org/office/1.2/xslt/odf2rdf.xsl"><office:scripts><office:event-listeners><script:event-listener script:language="ooo:script" script:event-name="dom:load" xlink:href="vnd.sun.star.script:Standard.Module1.StartDontForget?language=Basic&amp;location=document" /></office:event-listeners></office:scripts><office:font-face-decls><style:font-face style:name="Times New Roman" svg:font-family="'Times New Roman'" style:font-family-generic="roman" style:font-pitch="variable" /><style:font-face style:name="Yi plus Phonetics" svg:font-family="'Yi plus Phonetics'" /><style:font-face style:name="Arial" svg:font-family="'Arial'" style:font-family-generic="swiss" style:font-pitch="variable" /><style:font-face style:name="Lucida Sans Unicode" svg:font-family="'Lucida Sans Unicode'" style:font-family-generic="system" style:font-pitch="variable" /><style:font-face style:name="MS Mincho" svg:font-family="'MS Mincho'" style:font-family-generic="system" style:font-pitch="variable" /><style:font-face style:name="Tahoma" svg:font-family="'Tahoma'" style:font-family-generic="system" style:font-pitch="variable" /><style:font-face style:name="Scheherazade Graphite Alpha" svg:font-family="'Scheherazade Graphite Alpha'" /><style:font-face style:name="Latha" svg:font-family="'Latha'" /></office:font-face-decls><office:automatic-styles><style:style style:name="P2" style:family="paragraph" style:parent-style-name="copyright_dicBody" style:master-page-name="TableofContents_20_Page"><style:paragraph-properties style:page-number="auto" /></style:style><style:style style:name="P4" style:family="paragraph" style:master-page-name="First_20_Page"><style:paragraph-properties style:page-number="1" /></style:style><style:style style:name="T4" style:family="text"><style:text-properties text:display="none" /></style:style><style:style style:name="fr0" style:family="graphic" style:parent-style-name="Graphics"><style:graphic-properties style:run-through="background" style:wrap="run-through" style:number-wrapped-paragraphs="no-limit" style:horizontal-pos="center" style:horizontal-rel="paragraph" fo:clip="rect(0pt, 0pt, 0pt, 0pt)" draw:luminance="0%" draw:contrast="0%" draw:red="0%" draw:green="0%" draw:blue="0%" draw:gamma="100%" draw:color-inversion="false" draw:image-opacity="100%" draw:color-mode="standard" /></style:style><style:style style:name="P2" style:family="paragraph" style:parent-style-name="Frame_20_contents"><style:paragraph-properties fo:text-align="end" style:justify-single-word="false" /></style:style><style:style style:name="fr1" style:family="graphic" style:parent-style-name="Frame"><style:graphic-properties style:wrap="none" style:vertical-pos="from-top" style:vertical-rel="page" style:horizontal-pos="right" style:horizontal-rel="paragraph" fo:padding="0pt" fo:border="none" style:flow-with-text="false" /></style:style>
  <style:style style:name="Sect_letHead" style:family="section" xmlns:style="urn:oasis:names:tc:opendocument:xmlns:style:1.0">
    <style:section-properties text:dont-balance-text-columns="false" style:editable="false" xmlns:text="urn:oasis:names:tc:opendocument:xmlns:text:1.0">
      <style:columns fo:column-count="1" xmlns:fo="urn:oasis:names:tc:opendocument:xmlns:xsl-fo-compatible:1.0" />
    </style:section-properties>
  </style:style>

  <style:style style:name="Sect_letData" style:family="section" xmlns:style="urn:oasis:names:tc:opendocument:xmlns:style:1.0">
    <style:section-properties text:dont-balance-text-columns="false" style:editable="false" xmlns:text="urn:oasis:names:tc:opendocument:xmlns:text:1.0">
      <style:columns fo:column-count="2" xmlns:fo="urn:oasis:names:tc:opendocument:xmlns:xsl-fo-compatible:1.0">
        <style:column style:rel-width="3.083333*" fo:start-indent="0in" fo:end-indent="0.08333334in" />
        <style:column style:rel-width="3.083333*" fo:start-indent="0.08333334in" fo:end-indent="0in" />
        <style:column-sep style:width="0pt" style:color="#aa0000" />
      </style:columns>
    </style:section-properties>
  </style:style>

  <style:style style:name="Sect_revData" style:family="section" xmlns:style="urn:oasis:names:tc:opendocument:xmlns:style:1.0">
    <style:section-properties text:dont-balance-text-columns="false" style:editable="false" xmlns:text="urn:oasis:names:tc:opendocument:xmlns:text:1.0">
      <style:columns fo:column-count="2" xmlns:fo="urn:oasis:names:tc:opendocument:xmlns:xsl-fo-compatible:1.0">
        <style:column style:rel-width="3.083333*" fo:start-indent="0in" fo:end-indent="0.08333334in" />
        <style:column style:rel-width="3.083333*" fo:start-indent="0.08333334in" fo:end-indent="0in" />
        <style:column-sep style:width="0pt" style:color="#aa0000" />
      </style:columns>
    </style:section-properties>
  </style:style>
</office:automatic-styles><office:body><office:text><text:variable-decls><text:variable-decl office:value-type="string" text:name="Left_Guideword_L" /><text:variable-decl office:value-type="string" text:name="RLeft_Guideword_L" /><text:variable-decl office:value-type="string" text:name="Right_Guideword_R" /><text:variable-decl office:value-type="string" text:name="RRight_Guideword_R" /></text:variable-decls><text:sequence-decls><text:sequence-decl text:display-outline-level="0" text:name="Illustration" /><text:sequence-decl text:display-outline-level="0" text:name="Table" /><text:sequence-decl text:display-outline-level="0" text:name="Text" /><text:sequence-decl text:display-outline-level="0" text:name="Drawing" /></text:sequence-decls><text:p text:style-name="P4" /><text:section text:style-name="Sect_letHead" text:name="Sect_letHead"><text:p text:style-name="letHead_dicBody"><text:span text:style-name="letter_.en_letHead_dicBody">A a</text:span></text:p></text:section><text:section text:style-name="Sect_letData" text:name="Sect_letData"><text:p text:style-name="entry_letData_dicBody"><text:span text:style-name="span_.en_mainheadword_entry_letData_dicBody"><text:a text:style-name="span_.en_mainheadword_entry_letData_dicBody" xlink:type="simple" xlink:href="#g91014d8a-34e7-4d8e-91ce-1a7b50ea7a5f">a</text:a></text:span><text:span text:style-name="a_.href#g91014d8a-34e7-4d8e-91ce-1a7b50ea7a5f"><text:variable-set text:name="Left_Guideword_L" text:display="none" text:formula="ooow: " office:value-type="string" office:string-value="" /></text:span><text:span text:style-name="a_.href#g91014d8a-34e7-4d8e-91ce-1a7b50ea7a5f"><text:variable-set text:name="RLeft_Guideword_L" text:display="none" text:formula="ooow: a" office:value-type="string" office:string-value="a" /></text:span><text:span text:style-name="a_.href#g91014d8a-34e7-4d8e-91ce-1a7b50ea7a5f"><text:variable-set text:name="Right_Guideword_R" text:display="none" text:formula="ooow: " office:value-type="string" office:string-value="" /></text:span><text:span text:style-name="a_.href#g91014d8a-34e7-4d8e-91ce-1a7b50ea7a5f"><text:variable-set text:name="RRight_Guideword_R" text:display="none" text:formula="ooow: a" office:value-type="string" office:string-value="a" /></text:span><text:span /><text:s text:c="1"> </text:s><text:span text:style-name="span_variantformentrybackrefs_entry_letData_dicBody">(</text:span><text:span text:style-name="span_.es_abbreviation_variantentrytype_variantentrytypes_variantformentrybackref_variantformentrybackrefs_entry_letData_dicBody">Var.</text:span><text:s text:c="1"> </text:s><text:span text:style-name="span_variantentrytype_variantentrytypes_variantformentrybackref_variantformentrybackrefs_entry_letData_dicBody">, </text:span><text:span text:style-name="span_.en_abbreviation_variantentrytype_variantentrytypes_variantformentrybackref_variantformentrybackrefs_entry_letData_dicBody">unspec. var.</text:span><text:s text:c="1"> </text:s><text:span text:style-name="span_.en_headword_variantformentrybackref_variantformentrybackrefs_entry_letData_dicBody"><text:a text:style-name="span_.en_headword_variantformentrybackref_variantformentrybackrefs_entry_letData_dicBody" xlink:type="simple" xlink:href="#gb32cdcc7-3635-4497-86dc-6f91c675a328">an</text:a></text:span><text:span text:style-name="span_.es_owningentrysummarydefinition_variantformentrybackref_variantformentrybackrefs_entry_letData_dicBody">un, una</text:span><text:s text:c="1"> </text:s><text:span text:style-name="span_variantformentrybackrefs_entry_letData_dicBody">) </text:span><text:span text:style-name="span_.es_partofspeech_morphosyntaxanalysis_sense_sensecontent_senses_entry_letData_dicBody">adj.</text:span><text:s text:c="1"> </text:s><text:span text:style-name="span_.es_definitionorgloss_sense_sensecontent_senses_entry_letData_dicBody">un, una</text:span><text:s text:c="1"> </text:s><text:span text:style-name="span_.en_example_examplescontent_examplescontents_sense_sensecontent_senses_entry_letData_dicBody">I usually eat a banana with my breakfast cereal.</text:span><text:s text:c="1"> </text:s><text:span text:style-name="span_.es_translation_translationcontent_translationcontents_examplescontent_examplescontents_sense_sensecontent_senses_entry_letData_dicBody">En el desayuno, normalmente como un plátano con el cereal.</text:span><text:s text:c="1"> </text:s></text:p><text:p text:style-name="minorentryvariant_letData_dicBody"><text:span text:style-name="span_.en_headword_minorentryvariant_letData_dicBody"><text:a text:style-name="span_.en_headword_minorentryvariant_letData_dicBody" xlink:type="simple" xlink:href="#g43345a59-c3d7-4163-978c-a178cb63f09f">am</text:a></text:span><text:s text:c="1"> </text:s><text:span text:style-name="span_.es_reverseabbr_variantentrytype_variantentrytypes_visiblevariantentryref_visiblevariantentryrefs_minorentryvariant_letData_dicBody">pres. de</text:span><text:s text:c="1"> </text:s><text:span text:style-name="span_variantentrytype_variantentrytypes_visiblevariantentryref_visiblevariantentryrefs_minorentryvariant_letData_dicBody">, </text:span><text:span text:style-name="span_.en_reverseabbr_variantentrytype_variantentrytypes_visiblevariantentryref_visiblevariantentryrefs_minorentryvariant_letData_dicBody">unspec. var. of</text:span><text:s text:c="1"> </text:s><text:span text:style-name="span_.en_headword_referencedentry_referencedentries_visiblevariantentryref_visiblevariantentryrefs_minorentryvariant_letData_dicBody">be</text:span><text:s text:c="1"> </text:s><text:span text:style-name="span_.es_summarydefinition_minorentryvariant_letData_dicBody">estoy, soy</text:span><text:s text:c="1"> </text:s></text:p><text:p text:style-name="minorentryvariant_letData_dicBody"><text:span text:style-name="span_.en_headword_minorentryvariant_letData_dicBody"><text:a text:style-name="span_.en_headword_minorentryvariant_letData_dicBody" xlink:type="simple" xlink:href="#gb32cdcc7-3635-4497-86dc-6f91c675a328">an</text:a></text:span><text:s text:c="1"> </text:s><text:span text:style-name="span_.es_reverseabbr_variantentrytype_variantentrytypes_visiblevariantentryref_visiblevariantentryrefs_minorentryvariant_letData_dicBody">var. de</text:span><text:s text:c="1"> </text:s><text:span text:style-name="span_variantentrytype_variantentrytypes_visiblevariantentryref_visiblevariantentryrefs_minorentryvariant_letData_dicBody">, </text:span><text:span text:style-name="span_.en_reverseabbr_variantentrytype_variantentrytypes_visiblevariantentryref_visiblevariantentryrefs_minorentryvariant_letData_dicBody">unspec. var. of</text:span><text:s text:c="1"> </text:s><text:span text:style-name="span_.en_headword_referencedentry_referencedentries_visiblevariantentryref_visiblevariantentryrefs_minorentryvariant_letData_dicBody"><text:a text:style-name="span_.en_headword_referencedentry_referencedentries_visiblevariantentryref_visiblevariantentryrefs_minorentryvariant_letData_dicBody" xlink:type="simple" xlink:href="#g91014d8a-34e7-4d8e-91ce-1a7b50ea7a5f">a</text:a></text:span><text:s text:c="1"> </text:s><text:span text:style-name="span_.es_summarydefinition_minorentryvariant_letData_dicBody">un, una</text:span><text:s text:c="1"> </text:s></text:p><text:p text:style-name="entry_letData_dicBody"><text:span text:style-name="span_.en_mainheadword_entry_letData_dicBody"><text:a text:style-name="span_.en_mainheadword_entry_letData_dicBody" xlink:type="simple" xlink:href="#ge43794c5-27b0-4110-8778-4b1ca01677a2">analyze</text:a></text:span><text:span text:style-name="a_.href#ge43794c5-27b0-4110-8778-4b1ca01677a2"><text:variable-set text:name="Left_Guideword_L" text:display="none" text:formula="ooow: " office:value-type="string" office:string-value="" /></text:span><text:span text:style-name="a_.href#ge43794c5-27b0-4110-8778-4b1ca01677a2"><text:variable-set text:name="RLeft_Guideword_L" text:display="none" text:formula="ooow: analyze" office:value-type="string" office:string-value="analyze" /></text:span><text:span text:style-name="a_.href#ge43794c5-27b0-4110-8778-4b1ca01677a2"><text:variable-set text:name="Right_Guideword_R" text:display="none" text:formula="ooow: " office:value-type="string" office:string-value="" /></text:span><text:span text:style-name="a_.href#ge43794c5-27b0-4110-8778-4b1ca01677a2"><text:variable-set text:name="RRight_Guideword_R" text:display="none" text:formula="ooow: analyze" office:value-type="string" office:string-value="analyze" /></text:span><text:span /><text:s text:c="1"> </text:s><text:span text:style-name="span_.es_partofspeech_morphosyntaxanalysis_sense_sensecontent_senses_entry_letData_dicBody">v. t.</text:span><text:s text:c="1"> </text:s><text:span text:style-name="span_.es_definitionorgloss_sense_sensecontent_senses_entry_letData_dicBody">analizar</text:span><text:s text:c="1"> </text:s></text:p><text:p text:style-name="entry_letData_dicBody"><text:span text:style-name="span_.en_mainheadword_entry_letData_dicBody"><text:a text:style-name="span_.en_mainheadword_entry_letData_dicBody" xlink:type="simple" xlink:href="#g11849832-cf88-433f-8f73-70c7c6d5f2b0">any</text:a></text:span><text:span text:style-name="a_.href#g11849832-cf88-433f-8f73-70c7c6d5f2b0"><text:variable-set text:name="Left_Guideword_L" text:display="none" text:formula="ooow: " office:value-type="string" office:string-value="" /></text:span><text:span text:style-name="a_.href#g11849832-cf88-433f-8f73-70c7c6d5f2b0"><text:variable-set text:name="RLeft_Guideword_L" text:display="none" text:formula="ooow: any" office:value-type="string" office:string-value="any" /></text:span><text:span text:style-name="a_.href#g11849832-cf88-433f-8f73-70c7c6d5f2b0"><text:variable-set text:name="Right_Guideword_R" text:display="none" text:formula="ooow: " office:value-type="string" office:string-value="" /></text:span><text:span text:style-name="a_.href#g11849832-cf88-433f-8f73-70c7c6d5f2b0"><text:variable-set text:name="RRight_Guideword_R" text:display="none" text:formula="ooow: any" office:value-type="string" office:string-value="any" /></text:span><text:span /><text:s text:c="1"> </text:s><text:span text:style-name="span_.es_partofspeech_morphosyntaxanalysis_sense_sensecontent_senses_entry_letData_dicBody">adv.</text:span><text:s text:c="1"> </text:s><text:span text:style-name="span_.es_definitionorgloss_sense_sensecontent_senses_entry_letData_dicBody">cualquier, cualquiera</text:span><text:s text:c="1"> </text:s></text:p><text:p text:style-name="minorentryvariant_letData_dicBody"><text:span text:style-name="span_.en_headword_minorentryvariant_letData_dicBody"><text:a text:style-name="span_.en_headword_minorentryvariant_letData_dicBody" xlink:type="simple" xlink:href="#ga26ca37a-1cd8-4732-b9b9-cb9547503113">are</text:a></text:span><text:s text:c="1"> </text:s><text:span text:style-name="span_.es_reverseabbr_variantentrytype_variantentrytypes_visiblevariantentryref_visiblevariantentryrefs_minorentryvariant_letData_dicBody">pres. de</text:span><text:s text:c="1"> </text:s><text:span text:style-name="span_variantentrytype_variantentrytypes_visiblevariantentryref_visiblevariantentryrefs_minorentryvariant_letData_dicBody">, </text:span><text:span text:style-name="span_.en_reverseabbr_variantentrytype_variantentrytypes_visiblevariantentryref_visiblevariantentryrefs_minorentryvariant_letData_dicBody">unspec. var. of</text:span><text:s text:c="1"> </text:s><text:span text:style-name="span_.en_headword_referencedentry_referencedentries_visiblevariantentryref_visiblevariantentryrefs_minorentryvariant_letData_dicBody">be</text:span><text:s text:c="1"> </text:s><text:span text:style-name="span_.es_summarydefinition_minorentryvariant_letData_dicBody">estás, estamos, están, eres, somos, son</text:span><text:s text:c="1"> </text:s></text:p><text:p text:style-name="entry_letData_dicBody"><text:span text:style-name="span_.en_mainheadword_entry_letData_dicBody"><text:a text:style-name="span_.en_mainheadword_entry_letData_dicBody" xlink:type="simple" xlink:href="#g45599d52-9fc9-4920-9875-c84c54d683e2">article</text:a></text:span><text:span text:style-name="a_.href#g45599d52-9fc9-4920-9875-c84c54d683e2"><text:variable-set text:name="Left_Guideword_L" text:display="none" text:formula="ooow: " office:value-type="string" office:string-value="" /></text:span><text:span text:style-name="a_.href#g45599d52-9fc9-4920-9875-c84c54d683e2"><text:variable-set text:name="RLeft_Guideword_L" text:display="none" text:formula="ooow: article" office:value-type="string" office:string-value="article" /></text:span><text:span text:style-name="a_.href#g45599d52-9fc9-4920-9875-c84c54d683e2"><text:variable-set text:name="Right_Guideword_R" text:display="none" text:formula="ooow: " office:value-type="string" office:string-value="" /></text:span><text:span text:style-name="a_.href#g45599d52-9fc9-4920-9875-c84c54d683e2"><text:variable-set text:name="RRight_Guideword_R" text:display="none" text:formula="ooow: article" office:value-type="string" office:string-value="article" /></text:span><text:span /><text:s text:c="1"> </text:s><text:span text:style-name="span_.es_ownertypeabbreviation_minimallexreference_minimallexreferences_entry_letData_dicBody">Sinón.</text:span><text:span text:style-name="span_ownertypeabbreviation_minimallexreference_minimallexreferences_entry_letData_dicBody">: </text:span><text:span text:style-name="span_.en_headword_configtarget_configtargets_minimallexreference_minimallexreferences_entry_letData_dicBody">entry</text:span><text:s text:c="1"> </text:s><text:span text:style-name="span_minimallexreferences_entry_letData_dicBody">. </text:span><text:span text:style-name="span_.es_partofspeech_morphosyntaxanalysis_sense_sensecontent_senses_entry_letData_dicBody">s.</text:span><text:s text:c="1"> </text:s><text:span text:style-name="span_.es_definitionorgloss_sense_sensecontent_senses_entry_letData_dicBody">artículo</text:span><text:s text:c="1"> </text:s><text:span text:style-name="span_.en_example_examplescontent_examplescontents_sense_sensecontent_senses_entry_letData_dicBody">The basic article in a bilingual dictionary consists of a headword, its part of speech, its translation equivalents in Spanish, and an example for each sense.</text:span><text:s text:c="1"> </text:s><text:span text:style-name="span_.es_translation_translationcontent_translationcontents_examplescontent_examplescontents_sense_sensecontent_senses_entry_letData_dicBody">El artículo básico en un diccionario bilingüe consta de la palabra de entrada, su categoría gramatical, las palabras equivalentes en español y un ejemplo para cada accepción.</text:span><text:s text:c="1"> </text:s><text:span text:style-name="span_span_.es_restrictions_sense_sensecontent_senses_entry_letData_dicBody">Restrictions: </text:span><text:span text:style-name="span_.es_restrictions_sense_sensecontent_senses_entry_letData_dicBody">en un diccionario</text:span><text:span text:style-name="span_restrictions_sense_sensecontent_senses_entry_letData_dicBody">] </text:span></text:p><text:p text:style-name="entry_letData_dicBody"><text:span text:style-name="span_.en_mainheadword_entry_letData_dicBody"><text:a text:style-name="span_.en_mainheadword_entry_letData_dicBody" xlink:type="simple" xlink:href="#g62bfdde9-a5b2-44af-b9f0-0834283302ab">at</text:a></text:span><text:span text:style-name="a_.href#g62bfdde9-a5b2-44af-b9f0-0834283302ab"><text:variable-set text:name="Left_Guideword_L" text:display="none" text:formula="ooow: " office:value-type="string" office:string-value="" /></text:span><text:span text:style-name="a_.href#g62bfdde9-a5b2-44af-b9f0-0834283302ab"><text:variable-set text:name="RLeft_Guideword_L" text:display="none" text:formula="ooow: at" office:value-type="string" office:string-value="at" /></text:span><text:span text:style-name="a_.href#g62bfdde9-a5b2-44af-b9f0-0834283302ab"><text:variable-set text:name="Right_Guideword_R" text:display="none" text:formula="ooow: " office:value-type="string" office:string-value="" /></text:span><text:span text:style-name="a_.href#g62bfdde9-a5b2-44af-b9f0-0834283302ab"><text:variable-set text:name="RRight_Guideword_R" text:display="none" text:formula="ooow: at" office:value-type="string" office:string-value="at" /></text:span><text:span /><text:s text:c="1"> </text:s><text:span text:style-name="span_.es_partofspeech_morphosyntaxanalysis_sense_sensecontent_senses_entry_letData_dicBody">prep.</text:span><text:s text:c="1"> </text:s><text:span text:style-name="span_.es_definitionorgloss_sense_sensecontent_senses_entry_letData_dicBody">en</text:span><text:s text:c="1"> </text:s><text:span text:style-name="span_.en_example_examplescontent_examplescontents_sense_sensecontent_senses_entry_letData_dicBody">I prefer to work at home.</text:span><text:s text:c="1"> </text:s><text:span text:style-name="span_.es_translation_translationcontent_translationcontents_examplescontent_examplescontents_sense_sensecontent_senses_entry_letData_dicBody">Prefiero trabajar en casa.</text:span><text:s text:c="1"> </text:s><text:span text:style-name="span_span_.es_restrictions_sense_sensecontent_senses_entry_letData_dicBody">Restrictions: </text:span><text:span text:style-name="span_.es_restrictions_sense_sensecontent_senses_entry_letData_dicBody">ubicación</text:span><text:span text:style-name="span_restrictions_sense_sensecontent_senses_entry_letData_dicBody">] </text:span><text:span text:style-name="span_.en_abbreviation_complexformtype_complexformtypes_complexformsnotsubentry_complexformsnotsubentries_entry_letData_dicBody">ph. v.</text:span><text:span text:style-name="span_.en_abbreviation_complexformtype_complexformtypes_complexformsnotsubentry_complexformsnotsubentries_entry_letData_dicBody">unspec. comp. form</text:span><text:s text:c="1"> </text:s><text:span text:style-name="span_.en_headword_complexformsnotsubentry_complexformsnotsubentries_entry_letData_dicBody">look at</text:span><text:span text:style-name="span_nontrivialentryroots_complexformsnotsubentry_complexformsnotsubentries_entry_letData_dicBody"> (see under </text:span><text:span text:style-name="span_.en_headword_nontrivialentryroot_nontrivialentryroots_complexformsnotsubentry_complexformsnotsubentries_entry_letData_dicBody">look</text:span><text:span text:style-name="span_nontrivialentryroots_complexformsnotsubentry_complexformsnotsubentries_entry_letData_dicBody">) </text:span><text:span text:style-name="span_.es_partofspeech_morphosyntaxanalysis_morphosyntaxanalyses_complexformsnotsubentry_complexformsnotsubentries_entry_letData_dicBody">v. t.</text:span><text:s text:c="1"> </text:s></text:p></text:section></office:text></office:body></office:document-content>